0.005806934807635715 -0.016556444720678153 2 3
0.010025601838031018 -0.020988202988542273 2 4
0.013332591183346312 -0.01619339562692305 3 4