-0.0016743790516658117 -0.007263586832941072 1 2
0.011526074740254208 0.006132801296422439 2 3
0.011860591253227505 -0.018140143229495424 1 3
0.022344451130778698 0.01711175484919488 2 4
0.022658670631229855 -0.026817363547212168 1 4