1 17
16 1
16 2
2 15
3 15
3 14
4 14
13 4
5 13
12 5
6 12
11 6
7 11
8 11
10 8