5.540700064157875 -99.99151019434179
98.36082104462892 -99.9365882642427
99.16506912343178 -96.96638754230963
99.2030714011018 -95.63800281580295
99.82865995857244 -69.5051097696755
99.98191128522018 -47.29169166359475
99.98687747926724 55.653896809144754
99.95225513261758 97.95062583480544
99.90198658069798 99.01650039049528
97.21589048687781 99.81575066425751
94.7287664787724 99.98778513906757
89.53781175123828 99.99470141825043
-83.85506716290175 99.97626971126354
-92.05530252185162 99.35679846472044
-96.42836527057624 98.66094905118311
-97.49170051646065 98.13091667021058
-99.75273192256371 93.18182176448039
-99.92346222339073 65.43686992610228
-99.93893364225468 41.532459297139724
-99.96177837347568 -4.455022596289652
-99.93554745096056 -44.66149534552417
-99.88435222012943 -88.16884535685266
-99.73254721005466 -98.73840209872586
-98.9272571421334 -99.35732354862445
-96.38563155076243 -99.69340483177633
-81.05153931770155 -99.87229819701263
-58.78306536266385 -99.93192092375347