-98.92626151979 99.0
-99.0 98.90060283777726
-99.0 -98.81943551511642
-98.86010739059158 -99.0
98.9668868184126 -99.0
99.0 -98.98981089336407
99.0 98.97839492836869
98.97313209577547 99.0